{
  "processor": "CrawlerResponseProcessor",
  "extracted_urls": [
    "/nav/page1.html",
    "/nav/page2.html",
    "/nav/page3.html",
    "/nav/page4.html",
    "/nav/page5.html",
    "/pages/page1.html",
    "/pages/page2.html",
    "/pages/page3.html",
    "/pages/page4.html",
    "/pages/page5.html",
    "https://example.com",
    "https://example.org",
    "https://test.example.net/path?param=value",
    "#section",
    "mailto:test@example.com",
    "/sitemap.html",
    "/contact.html",
    "styles.css",
    "/images/image1.jpg",
    "/images/image2.jpg",
    "/images/image3.jpg",
    "script.js",
    "/submit/form1",
    "/nav/page1.html",
    "/nav/page2.html",
    "/nav/page3.html",
    "/nav/page4.html",
    "/nav/page5.html",
    "/pages/page1.html",
    "/pages/page2.html",
    "/pages/page3.html",
    "/pages/page4.html",
    "/pages/page5.html",
    "https://example.com",
    "https://example.org",
    "https://test.example.net/path?param=value",
    "#section",
    "mailto:test@example.com",
    "/sitemap.html",
    "/contact.html",
    "styles.css",
    "/images/image1.jpg",
    "/images/image2.jpg",
    "/images/image3.jpg",
    "script.js",
    "/submit/form1",
    "/nav/page1.html",
    "/nav/page2.html",
    "/nav/page3.html",
    "/nav/page4.html",
    "/nav/page5.html",
    "/pages/page1.html",
    "/pages/page2.html",
    "/pages/page3.html",
    "/pages/page4.html",
    "/pages/page5.html",
    "https://example.com",
    "https://example.org",
    "https://test.example.net/path?param=value",
    "#section",
    "mailto:test@example.com",
    "/sitemap.html",
    "/contact.html",
    "styles.css",
    "/images/image1.jpg",
    "/images/image2.jpg",
    "/images/image3.jpg",
    "script.js",
    "/submit/form1",
    "/nav/page1.html",
    "/nav/page2.html",
    "/nav/page3.html",
    "/nav/page4.html",
    "/nav/page5.html",
    "/pages/page1.html",
    "/pages/page2.html",
    "/pages/page3.html",
    "/pages/page4.html",
    "/pages/page5.html",
    "https://example.com",
    "https://example.org",
    "https://test.example.net/path?param=value",
    "#section",
    "mailto:test@example.com",
    "/sitemap.html",
    "/contact.html",
    "styles.css",
    "/images/image1.jpg",
    "/images/image2.jpg",
    "/images/image3.jpg",
    "script.js",
    "/submit/form1",
    "/nav/page1.html",
    "/nav/page2.html",
    "/nav/page3.html",
    "/nav/page4.html",
    "/nav/page5.html",
    "/pages/page1.html",
    "/pages/page2.html",
    "/pages/page3.html",
    "/pages/page4.html",
    "/pages/page5.html",
    "https://example.com",
    "https://example.org",
    "https://test.example.net/path?param=value",
    "#section",
    "mailto:test@example.com",
    "/sitemap.html",
    "/contact.html",
    "styles.css",
    "/images/image1.jpg",
    "/images/image2.jpg",
    "/images/image3.jpg",
    "script.js",
    "/submit/form1",
    "/nav/page1.html",
    "/nav/page2.html",
    "/nav/page3.html",
    "/nav/page4.html",
    "/nav/page5.html",
    "/pages/page1.html",
    "/pages/page2.html",
    "/pages/page3.html",
    "/pages/page4.html",
    "/pages/page5.html",
    "https://example.com",
    "https://example.org",
    "https://test.example.net/path?param=value",
    "#section",
    "mailto:test@example.com",
    "/sitemap.html",
    "/contact.html",
    "styles.css",
    "/images/image1.jpg",
    "/images/image2.jpg",
    "/images/image3.jpg",
    "script.js",
    "/submit/form1",
    "/nav/page1.html",
    "/nav/page2.html",
    "/nav/page3.html",
    "/nav/page4.html",
    "/nav/page5.html",
    "/pages/page1.html",
    "/pages/page2.html",
    "/pages/page3.html",
    "/pages/page4.html",
    "/pages/page5.html",
    "https://example.com",
    "https://example.org",
    "https://test.example.net/path?param=value",
    "#section",
    "mailto:test@example.com",
    "/sitemap.html",
    "/contact.html",
    "styles.css",
    "/images/image1.jpg",
    "/images/image2.jpg",
    "/images/image3.jpg",
    "script.js",
    "/submit/form1",
    "/nav/page1.html",
    "/nav/page2.html",
    "/nav/page3.html",
    "/nav/page4.html",
    "/nav/page5.html",
    "/pages/page1.html",
    "/pages/page2.html",
    "/pages/page3.html",
    "/pages/page4.html",
    "/pages/page5.html",
    "https://example.com",
    "https://example.org",
    "https://test.example.net/path?param=value",
    "#section",
    "mailto:test@example.com",
    "/sitemap.html",
    "/contact.html",
    "styles.css",
    "/images/image1.jpg",
    "/images/image2.jpg",
    "/images/image3.jpg",
    "script.js",
    "/submit/form1",
    "/nav/page1.html",
    "/nav/page2.html",
    "/nav/page3.html",
    "/nav/page4.html",
    "/nav/page5.html",
    "/pages/page1.html",
    "/pages/page2.html",
    "/pages/page3.html",
    "/pages/page4.html",
    "/pages/page5.html",
    "https://example.com",
    "https://example.org",
    "https://test.example.net/path?param=value",
    "#section",
    "mailto:test@example.com",
    "/sitemap.html",
    "/contact.html",
    "styles.css",
    "/images/image1.jpg",
    "/images/image2.jpg",
    "/images/image3.jpg",
    "script.js",
    "/submit/form1",
    "/nav/page1.html",
    "/nav/page2.html",
    "/nav/page3.html",
    "/nav/page4.html",
    "/nav/page5.html",
    "/pages/page1.html",
    "/pages/page2.html",
    "/pages/page3.html",
    "/pages/page4.html",
    "/pages/page5.html",
    "https://example.com",
    "https://example.org",
    "https://test.example.net/path?param=value",
    "#section",
    "mailto:test@example.com",
    "/sitemap.html",
    "/contact.html",
    "styles.css",
    "/images/image1.jpg",
    "/images/image2.jpg",
    "/images/image3.jpg",
    "script.js",
    "/submit/form1",
    "/nav/page1.html",
    "/nav/page2.html",
    "/nav/page3.html",
    "/nav/page4.html",
    "/nav/page5.html",
    "/pages/page1.html",
    "/pages/page2.html",
    "/pages/page3.html",
    "/pages/page4.html",
    "/pages/page5.html",
    "https://example.com",
    "https://example.org",
    "https://test.example.net/path?param=value",
    "#section",
    "mailto:test@example.com",
    "/sitemap.html",
    "/contact.html",
    "styles.css",
    "/images/image1.jpg",
    "/images/image2.jpg",
    "/images/image3.jpg",
    "script.js",
    "/submit/form1",
    "/nav/page1.html",
    "/nav/page2.html",
    "/nav/page3.html",
    "/nav/page4.html",
    "/nav/page5.html",
    "/pages/page1.html",
    "/pages/page2.html",
    "/pages/page3.html",
    "/pages/page4.html",
    "/pages/page5.html",
    "https://example.com",
    "https://example.org",
    "https://test.example.net/path?param=value",
    "#section",
    "mailto:test@example.com",
    "/sitemap.html",
    "/contact.html",
    "styles.css",
    "/images/image1.jpg",
    "/images/image2.jpg",
    "/images/image3.jpg",
    "script.js",
    "/submit/form1",
    "/nav/page1.html",
    "/nav/page2.html",
    "/nav/page3.html",
    "/nav/page4.html",
    "/nav/page5.html",
    "/pages/page1.html",
    "/pages/page2.html",
    "/pages/page3.html",
    "/pages/page4.html",
    "/pages/page5.html",
    "https://example.com",
    "https://example.org",
    "https://test.example.net/path?param=value",
    "#section",
    "mailto:test@example.com",
    "/sitemap.html",
    "/contact.html",
    "styles.css",
    "/images/image1.jpg",
    "/images/image2.jpg",
    "/images/image3.jpg",
    "script.js",
    "/submit/form1",
    "/nav/page1.html",
    "/nav/page2.html",
    "/nav/page3.html",
    "/nav/page4.html",
    "/nav/page5.html",
    "/pages/page1.html",
    "/pages/page2.html",
    "/pages/page3.html",
    "/pages/page4.html",
    "/pages/page5.html",
    "https://example.com",
    "https://example.org",
    "https://test.example.net/path?param=value",
    "#section",
    "mailto:test@example.com",
    "/sitemap.html",
    "/contact.html",
    "styles.css",
    "/images/image1.jpg",
    "/images/image2.jpg",
    "/images/image3.jpg",
    "script.js",
    "/submit/form1",
    "/nav/page1.html",
    "/nav/page2.html",
    "/nav/page3.html",
    "/nav/page4.html",
    "/nav/page5.html",
    "/pages/page1.html",
    "/pages/page2.html",
    "/pages/page3.html",
    "/pages/page4.html",
    "/pages/page5.html",
    "https://example.com",
    "https://example.org",
    "https://test.example.net/path?param=value",
    "#section",
    "mailto:test@example.com",
    "/sitemap.html",
    "/contact.html",
    "styles.css",
    "/images/image1.jpg",
    "/images/image2.jpg",
    "/images/image3.jpg",
    "script.js",
    "/submit/form1",
    "/nav/page1.html",
    "/nav/page2.html",
    "/nav/page3.html",
    "/nav/page4.html",
    "/nav/page5.html",
    "/pages/page1.html",
    "/pages/page2.html",
    "/pages/page3.html",
    "/pages/page4.html",
    "/pages/page5.html",
    "https://example.com",
    "https://example.org",
    "https://test.example.net/path?param=value",
    "#section",
    "mailto:test@example.com",
    "/sitemap.html",
    "/contact.html",
    "styles.css",
    "/images/image1.jpg",
    "/images/image2.jpg",
    "/images/image3.jpg",
    "script.js",
    "/submit/form1",
    "/nav/page1.html",
    "/nav/page2.html",
    "/nav/page3.html",
    "/nav/page4.html",
    "/nav/page5.html",
    "/pages/page1.html",
    "/pages/page2.html",
    "/pages/page3.html",
    "/pages/page4.html",
    "/pages/page5.html",
    "https://example.com",
    "https://example.org",
    "https://test.example.net/path?param=value",
    "#section",
    "mailto:test@example.com",
    "/sitemap.html",
    "/contact.html",
    "styles.css",
    "/images/image1.jpg",
    "/images/image2.jpg",
    "/images/image3.jpg",
    "script.js",
    "/submit/form1",
    "/nav/page1.html",
    "/nav/page2.html",
    "/nav/page3.html",
    "/nav/page4.html",
    "/nav/page5.html",
    "/pages/page1.html",
    "/pages/page2.html",
    "/pages/page3.html",
    "/pages/page4.html",
    "/pages/page5.html",
    "https://example.com",
    "https://example.org",
    "https://test.example.net/path?param=value",
    "#section",
    "mailto:test@example.com",
    "/sitemap.html",
    "/contact.html",
    "styles.css",
    "/images/image1.jpg",
    "/images/image2.jpg",
    "/images/image3.jpg",
    "script.js",
    "/submit/form1"
  ],
  "count": 414,
  "testsite.com": [
    "testsite.com/nav/page1.html",
    "testsite.com/nav/page2.html",
    "testsite.com/nav/page3.html",
    "testsite.com/nav/page4.html",
    "testsite.com/nav/page5.html",
    "testsite.com/pages/page1.html",
    "testsite.com/pages/page2.html",
    "testsite.com/pages/page3.html",
    "testsite.com/pages/page4.html",
    "testsite.com/pages/page5.html",
    "testsite.com/sitemap.html",
    "testsite.com/contact.html",
    "testsite.com/images/image1.jpg",
    "testsite.com/images/image2.jpg",
    "testsite.com/images/image3.jpg",
    "testsite.com/submit/form1",
    "testsite.com/nav/page1.html",
    "testsite.com/nav/page2.html",
    "testsite.com/nav/page3.html",
    "testsite.com/nav/page4.html",
    "testsite.com/nav/page5.html",
    "testsite.com/pages/page1.html",
    "testsite.com/pages/page2.html",
    "testsite.com/pages/page3.html",
    "testsite.com/pages/page4.html",
    "testsite.com/pages/page5.html",
    "testsite.com/sitemap.html",
    "testsite.com/contact.html",
    "testsite.com/images/image1.jpg",
    "testsite.com/images/image2.jpg",
    "testsite.com/images/image3.jpg",
    "testsite.com/submit/form1",
    "testsite.com/nav/page1.html",
    "testsite.com/nav/page2.html",
    "testsite.com/nav/page3.html",
    "testsite.com/nav/page4.html",
    "testsite.com/nav/page5.html",
    "testsite.com/pages/page1.html",
    "testsite.com/pages/page2.html",
    "testsite.com/pages/page3.html",
    "testsite.com/pages/page4.html",
    "testsite.com/pages/page5.html",
    "testsite.com/sitemap.html",
    "testsite.com/contact.html",
    "testsite.com/images/image1.jpg",
    "testsite.com/images/image2.jpg",
    "testsite.com/images/image3.jpg",
    "testsite.com/submit/form1",
    "testsite.com/nav/page1.html",
    "testsite.com/nav/page2.html",
    "testsite.com/nav/page3.html",
    "testsite.com/nav/page4.html",
    "testsite.com/nav/page5.html",
    "testsite.com/pages/page1.html",
    "testsite.com/pages/page2.html",
    "testsite.com/pages/page3.html",
    "testsite.com/pages/page4.html",
    "testsite.com/pages/page5.html",
    "testsite.com/sitemap.html",
    "testsite.com/contact.html",
    "testsite.com/images/image1.jpg",
    "testsite.com/images/image2.jpg",
    "testsite.com/images/image3.jpg",
    "testsite.com/submit/form1",
    "testsite.com/nav/page1.html",
    "testsite.com/nav/page2.html",
    "testsite.com/nav/page3.html",
    "testsite.com/nav/page4.html",
    "testsite.com/nav/page5.html",
    "testsite.com/pages/page1.html",
    "testsite.com/pages/page2.html",
    "testsite.com/pages/page3.html",
    "testsite.com/pages/page4.html",
    "testsite.com/pages/page5.html",
    "testsite.com/sitemap.html",
    "testsite.com/contact.html",
    "testsite.com/images/image1.jpg",
    "testsite.com/images/image2.jpg",
    "testsite.com/images/image3.jpg",
    "testsite.com/submit/form1",
    "testsite.com/nav/page1.html",
    "testsite.com/nav/page2.html",
    "testsite.com/nav/page3.html",
    "testsite.com/nav/page4.html",
    "testsite.com/nav/page5.html",
    "testsite.com/pages/page1.html",
    "testsite.com/pages/page2.html",
    "testsite.com/pages/page3.html",
    "testsite.com/pages/page4.html",
    "testsite.com/pages/page5.html",
    "testsite.com/sitemap.html",
    "testsite.com/contact.html",
    "testsite.com/images/image1.jpg",
    "testsite.com/images/image2.jpg",
    "testsite.com/images/image3.jpg",
    "testsite.com/submit/form1",
    "testsite.com/nav/page1.html",
    "testsite.com/nav/page2.html",
    "testsite.com/nav/page3.html",
    "testsite.com/nav/page4.html",
    "testsite.com/nav/page5.html",
    "testsite.com/pages/page1.html",
    "testsite.com/pages/page2.html",
    "testsite.com/pages/page3.html",
    "testsite.com/pages/page4.html",
    "testsite.com/pages/page5.html",
    "testsite.com/sitemap.html",
    "testsite.com/contact.html",
    "testsite.com/images/image1.jpg",
    "testsite.com/images/image2.jpg",
    "testsite.com/images/image3.jpg",
    "testsite.com/submit/form1",
    "testsite.com/nav/page1.html",
    "testsite.com/nav/page2.html",
    "testsite.com/nav/page3.html",
    "testsite.com/nav/page4.html",
    "testsite.com/nav/page5.html",
    "testsite.com/pages/page1.html",
    "testsite.com/pages/page2.html",
    "testsite.com/pages/page3.html",
    "testsite.com/pages/page4.html",
    "testsite.com/pages/page5.html",
    "testsite.com/sitemap.html",
    "testsite.com/contact.html",
    "testsite.com/images/image1.jpg",
    "testsite.com/images/image2.jpg",
    "testsite.com/images/image3.jpg",
    "testsite.com/submit/form1",
    "testsite.com/nav/page1.html",
    "testsite.com/nav/page2.html",
    "testsite.com/nav/page3.html",
    "testsite.com/nav/page4.html",
    "testsite.com/nav/page5.html",
    "testsite.com/pages/page1.html",
    "testsite.com/pages/page2.html",
    "testsite.com/pages/page3.html",
    "testsite.com/pages/page4.html",
    "testsite.com/pages/page5.html",
    "testsite.com/sitemap.html",
    "testsite.com/contact.html",
    "testsite.com/images/image1.jpg",
    "testsite.com/images/image2.jpg",
    "testsite.com/images/image3.jpg",
    "testsite.com/submit/form1",
    "testsite.com/nav/page1.html",
    "testsite.com/nav/page2.html",
    "testsite.com/nav/page3.html",
    "testsite.com/nav/page4.html",
    "testsite.com/nav/page5.html",
    "testsite.com/pages/page1.html",
    "testsite.com/pages/page2.html",
    "testsite.com/pages/page3.html",
    "testsite.com/pages/page4.html",
    "testsite.com/pages/page5.html",
    "testsite.com/sitemap.html",
    "testsite.com/contact.html",
    "testsite.com/images/image1.jpg",
    "testsite.com/images/image2.jpg",
    "testsite.com/images/image3.jpg",
    "testsite.com/submit/form1",
    "testsite.com/nav/page1.html",
    "testsite.com/nav/page2.html",
    "testsite.com/nav/page3.html",
    "testsite.com/nav/page4.html",
    "testsite.com/nav/page5.html",
    "testsite.com/pages/page1.html",
    "testsite.com/pages/page2.html",
    "testsite.com/pages/page3.html",
    "testsite.com/pages/page4.html",
    "testsite.com/pages/page5.html",
    "testsite.com/sitemap.html",
    "testsite.com/contact.html",
    "testsite.com/images/image1.jpg",
    "testsite.com/images/image2.jpg",
    "testsite.com/images/image3.jpg",
    "testsite.com/submit/form1",
    "testsite.com/nav/page1.html",
    "testsite.com/nav/page2.html",
    "testsite.com/nav/page3.html",
    "testsite.com/nav/page4.html",
    "testsite.com/nav/page5.html",
    "testsite.com/pages/page1.html",
    "testsite.com/pages/page2.html",
    "testsite.com/pages/page3.html",
    "testsite.com/pages/page4.html",
    "testsite.com/pages/page5.html",
    "testsite.com/sitemap.html",
    "testsite.com/contact.html",
    "testsite.com/images/image1.jpg",
    "testsite.com/images/image2.jpg",
    "testsite.com/images/image3.jpg",
    "testsite.com/submit/form1",
    "testsite.com/nav/page1.html",
    "testsite.com/nav/page2.html",
    "testsite.com/nav/page3.html",
    "testsite.com/nav/page4.html",
    "testsite.com/nav/page5.html",
    "testsite.com/pages/page1.html",
    "testsite.com/pages/page2.html",
    "testsite.com/pages/page3.html",
    "testsite.com/pages/page4.html",
    "testsite.com/pages/page5.html",
    "testsite.com/sitemap.html",
    "testsite.com/contact.html",
    "testsite.com/images/image1.jpg",
    "testsite.com/images/image2.jpg",
    "testsite.com/images/image3.jpg",
    "testsite.com/submit/form1",
    "testsite.com/nav/page1.html",
    "testsite.com/nav/page2.html",
    "testsite.com/nav/page3.html",
    "testsite.com/nav/page4.html",
    "testsite.com/nav/page5.html",
    "testsite.com/pages/page1.html",
    "testsite.com/pages/page2.html",
    "testsite.com/pages/page3.html",
    "testsite.com/pages/page4.html",
    "testsite.com/pages/page5.html",
    "testsite.com/sitemap.html",
    "testsite.com/contact.html",
    "testsite.com/images/image1.jpg",
    "testsite.com/images/image2.jpg",
    "testsite.com/images/image3.jpg",
    "testsite.com/submit/form1",
    "testsite.com/nav/page1.html",
    "testsite.com/nav/page2.html",
    "testsite.com/nav/page3.html",
    "testsite.com/nav/page4.html",
    "testsite.com/nav/page5.html",
    "testsite.com/pages/page1.html",
    "testsite.com/pages/page2.html",
    "testsite.com/pages/page3.html",
    "testsite.com/pages/page4.html",
    "testsite.com/pages/page5.html",
    "testsite.com/sitemap.html",
    "testsite.com/contact.html",
    "testsite.com/images/image1.jpg",
    "testsite.com/images/image2.jpg",
    "testsite.com/images/image3.jpg",
    "testsite.com/submit/form1",
    "testsite.com/nav/page1.html",
    "testsite.com/nav/page2.html",
    "testsite.com/nav/page3.html",
    "testsite.com/nav/page4.html",
    "testsite.com/nav/page5.html",
    "testsite.com/pages/page1.html",
    "testsite.com/pages/page2.html",
    "testsite.com/pages/page3.html",
    "testsite.com/pages/page4.html",
    "testsite.com/pages/page5.html",
    "testsite.com/sitemap.html",
    "testsite.com/contact.html",
    "testsite.com/images/image1.jpg",
    "testsite.com/images/image2.jpg",
    "testsite.com/images/image3.jpg",
    "testsite.com/submit/form1",
    "testsite.com/nav/page1.html",
    "testsite.com/nav/page2.html",
    "testsite.com/nav/page3.html",
    "testsite.com/nav/page4.html",
    "testsite.com/nav/page5.html",
    "testsite.com/pages/page1.html",
    "testsite.com/pages/page2.html",
    "testsite.com/pages/page3.html",
    "testsite.com/pages/page4.html",
    "testsite.com/pages/page5.html",
    "testsite.com/sitemap.html",
    "testsite.com/contact.html",
    "testsite.com/images/image1.jpg",
    "testsite.com/images/image2.jpg",
    "testsite.com/images/image3.jpg",
    "testsite.com/submit/form1",
    "testsite.com/nav/page1.html",
    "testsite.com/nav/page2.html",
    "testsite.com/nav/page3.html",
    "testsite.com/nav/page4.html",
    "testsite.com/nav/page5.html",
    "testsite.com/pages/page1.html",
    "testsite.com/pages/page2.html",
    "testsite.com/pages/page3.html",
    "testsite.com/pages/page4.html",
    "testsite.com/pages/page5.html",
    "testsite.com/sitemap.html",
    "testsite.com/contact.html",
    "testsite.com/images/image1.jpg",
    "testsite.com/images/image2.jpg",
    "testsite.com/images/image3.jpg",
    "testsite.com/submit/form1"
  ]
}